// Jest Snapshot v1, https://goo.gl/fbAQLP

exports[`Snapshot of Student Form testing Register button 1`] = `
<div
  className="App"
>
  <header
    className="App-header"
  >
    <h1>
      React Unit Testing
    </h1>
  </header>
  <div>
    <button
      onClick={[Function]}
    >
      Cancle
    </button>
    <div>
      <h4>
        Student register form 
      </h4>
    </div>
  </div>
</div>
`;

exports[`switching button name Register and Cancel toggle the button 1`] = `
<div>
  <button
    onClick={[Function]}
  >
    Register
  </button>
</div>
`;
